[36mvite v7.3.1 [32mbuilding client environment for production...[36m[39m
transforming...
[32mΓ£ô[39m 4330 modules transformed.
Export "EphemeralBus" of module "src/lib/net/ephemeral/EphemeralBus.ts" was reexported through module "src/lib/net/ephemeral/index.ts" while both modules are dependencies of each other and will end up in different chunks by current Rollup settings. This scenario is not well supported at the moment as it will produce a circular dependency between chunks and will likely lead to broken execution order.
Either change the import in "src/lib/net/index.ts" to point directly to the exporting module or reconfigure "output.manualChunks" to ensure these modules end up in the same chunk.
Export "EphemeralBus" of module "src/lib/net/ephemeral/EphemeralBus.ts" was reexported through module "src/lib/net/ephemeral/index.ts" while both modules are dependencies of each other and will end up in different chunks by current Rollup settings. This scenario is not well supported at the moment as it will produce a circular dependency between chunks and will likely lead to broken execution order.
Either change the import in "src/lib/net/index.ts" to point directly to the exporting module or reconfigure "output.manualChunks" to ensure these modules end up in the same chunk.
rendering chunks...
[plugin vite:reporter] 
(!) M:/projects/Like a boss/mage-hand/src/lib/jazz/registry.ts is dynamically imported by M:/projects/Like a boss/mage-hand/src/components/SessionManager.tsx, M:/projects/Like a boss/mage-hand/src/components/SessionManager.tsx, M:/projects/Like a boss/mage-hand/src/components/SessionManager.tsx but also statically imported by M:/projects/Like a boss/mage-hand/src/lib/sessionCodeResolver.ts, dynamic import will not move module into another chunk.

[plugin vite:reporter] 
(!) M:/projects/Like a boss/mage-hand/src/lib/audioLibrary.ts is dynamically imported by M:/projects/Like a boss/mage-hand/src/lib/soundEngine.ts, M:/projects/Like a boss/mage-hand/src/lib/soundEngine.ts but also statically imported by M:/projects/Like a boss/mage-hand/src/components/cards/sound/AmbientSection.tsx, M:/projects/Like a boss/mage-hand/src/components/cards/sound/EventQueueRow.tsx, M:/projects/Like a boss/mage-hand/src/lib/ambientEngine.ts, M:/projects/Like a boss/mage-hand/src/lib/soundEngine.ts, dynamic import will not move module into another chunk.

[plugin vite:reporter] 
(!) M:/projects/Like a boss/mage-hand/src/lib/textureStorage.ts is dynamically imported by M:/projects/Like a boss/mage-hand/src/components/cards/MapManagerCard.tsx, M:/projects/Like a boss/mage-hand/src/lib/jazz/bridge.ts, M:/projects/Like a boss/mage-hand/src/lib/jazz/bridge.ts, M:/projects/Like a boss/mage-hand/src/lib/jazz/bridge.ts, M:/projects/Like a boss/mage-hand/src/lib/jazz/bridge.ts, M:/projects/Like a boss/mage-hand/src/lib/jazz/bridge.ts but also statically imported by M:/projects/Like a boss/mage-hand/src/components/StorageManagerModal.tsx, M:/projects/Like a boss/mage-hand/src/components/TokenContextMenu.tsx, M:/projects/Like a boss/mage-hand/src/components/cards/WatabouImportCard.tsx, M:/projects/Like a boss/mage-hand/src/components/modals/ImageImportModal.tsx, M:/projects/Like a boss/mage-hand/src/components/modals/RegionBackgroundModal.tsx, M:/projects/Like a boss/mage-hand/src/components/modals/RegionBulkTextureModal.tsx, M:/projects/Like a boss/mage-hand/src/hooks/useTextureLoader.ts, M:/projects/Like a boss/mage-hand/src/lib/groupSerializer.ts, M:/projects/Like a boss/mage-hand/src/lib/jazz/textureSync.ts, M:/projects/Like a boss/mage-hand/src/lib/net/ephemeral/miscHandlers.ts, M:/projects/Like a boss/mage-hand/src/lib/projectSerializer.ts, M:/projects/Like a boss/mage-hand/src/stores/effectStore.ts, dynamic import will not move module into another chunk.

[plugin vite:reporter] 
(!) M:/projects/Like a boss/mage-hand/src/lib/net/ephemeral/miscHandlers.ts is dynamically imported by M:/projects/Like a boss/mage-hand/src/App.tsx but also statically imported by M:/projects/Like a boss/mage-hand/src/components/SimpleTabletop.tsx, M:/projects/Like a boss/mage-hand/src/components/cards/ArtApprovalCard.tsx, M:/projects/Like a boss/mage-hand/src/components/cards/ChatCard.tsx, M:/projects/Like a boss/mage-hand/src/lib/net/ephemeral/index.ts, M:/projects/Like a boss/mage-hand/src/stores/chatStore.ts, dynamic import will not move module into another chunk.

[plugin vite:reporter] 
(!) M:/projects/Like a boss/mage-hand/src/lib/jazz/bridge.ts is dynamically imported by M:/projects/Like a boss/mage-hand/src/components/modals/RegionBackgroundModal.tsx, M:/projects/Like a boss/mage-hand/src/components/modals/TokenEditModal.tsx, M:/projects/Like a boss/mage-hand/src/components/modals/TokenEditModal.tsx, M:/projects/Like a boss/mage-hand/src/lib/net/NetManager.ts, M:/projects/Like a boss/mage-hand/src/lib/net/ephemeral/mapHandlers.ts, M:/projects/Like a boss/mage-hand/src/lib/net/ephemeral/mapHandlers.ts, M:/projects/Like a boss/mage-hand/src/lib/net/ephemeral/mapHandlers.ts but also statically imported by M:/projects/Like a boss/mage-hand/src/components/SimpleTabletop.tsx, M:/projects/Like a boss/mage-hand/src/lib/jazz/session.ts, M:/projects/Like a boss/mage-hand/src/lib/net/ephemeral/EphemeralBus.ts, dynamic import will not move module into another chunk.

[plugin vite:reporter] 
(!) M:/projects/Like a boss/mage-hand/src/lib/net/index.ts is dynamically imported by M:/projects/Like a boss/mage-hand/src/lib/net/ephemeral/mapHandlers.ts, M:/projects/Like a boss/mage-hand/src/lib/net/ephemeral/mapHandlers.ts, M:/projects/Like a boss/mage-hand/src/lib/net/ephemeral/mapHandlers.ts, M:/projects/Like a boss/mage-hand/src/stores/actionStore.ts, M:/projects/Like a boss/mage-hand/src/stores/effectStore.ts, M:/projects/Like a boss/mage-hand/src/stores/effectStore.ts, M:/projects/Like a boss/mage-hand/src/stores/effectStore.ts, M:/projects/Like a boss/mage-hand/src/stores/effectStore.ts, M:/projects/Like a boss/mage-hand/src/stores/effectStore.ts, M:/projects/Like a boss/mage-hand/src/stores/effectStore.ts, M:/projects/Like a boss/mage-hand/src/stores/useBroadcastPauseStore.ts, M:/projects/Like a boss/mage-hand/src/stores/useBroadcastPauseStore.ts, M:/projects/Like a boss/mage-hand/src/stores/useBroadcastPauseStore.ts but also statically imported by M:/projects/Like a boss/mage-hand/src/components/CircularButtonBar.tsx, M:/projects/Like a boss/mage-hand/src/components/ConnectionIndicator.tsx, M:/projects/Like a boss/mage-hand/src/components/InitiativePanel.tsx, M:/projects/Like a boss/mage-hand/src/components/LandingScreen.tsx, M:/projects/Like a boss/mage-hand/src/components/SessionManager.tsx, M:/projects/Like a boss/mage-hand/src/components/SimpleTabletop.tsx, M:/projects/Like a boss/mage-hand/src/components/TopNavbar.tsx, M:/projects/Like a boss/mage-hand/src/components/cards/InitiativeTrackerCard.tsx, M:/projects/Like a boss/mage-hand/src/hooks/useAutoReconnect.ts, M:/projects/Like a boss/mage-hand/src/lib/net/demo.ts, M:/projects/Like a boss/mage-hand/src/lib/net/dragOps.ts, M:/projects/Like a boss/mage-hand/src/lib/net/ephemeral/ambientHandlers.ts, M:/projects/Like a boss/mage-hand/src/lib/net/ephemeral/cursorHandlers.ts, M:/projects/Like a boss/mage-hand/src/lib/net/ephemeral/effectHandlers.ts, M:/projects/Like a boss/mage-hand/src/lib/net/ephemeral/mapHandlers.ts, M:/projects/Like a boss/mage-hand/src/lib/net/ephemeral/miscHandlers.ts, M:/projects/Like a boss/mage-hand/src/lib/net/ephemeral/presenceHandlers.ts, M:/projects/Like a boss/mage-hand/src/lib/net/ephemeral/tokenHandlers.ts, M:/projects/Like a boss/mage-hand/src/lib/net/tokenPositionSync.ts, M:/projects/Like a boss/mage-hand/src/stores/actionStore.ts, M:/projects/Like a boss/mage-hand/src/stores/roleStore.ts, dynamic import will not move module into another chunk.

[plugin vite:reporter] 
(!) M:/projects/Like a boss/mage-hand/src/lib/jazz/profiler.ts is dynamically imported by M:/projects/Like a boss/mage-hand/src/lib/jazz/bridge.ts, M:/projects/Like a boss/mage-hand/src/lib/jazz/bridge.ts, M:/projects/Like a boss/mage-hand/src/lib/jazz/bridge.ts, M:/projects/Like a boss/mage-hand/src/lib/jazz/bridge.ts, M:/projects/Like a boss/mage-hand/src/lib/jazz/bridge.ts, M:/projects/Like a boss/mage-hand/src/lib/jazz/bridge.ts, M:/projects/Like a boss/mage-hand/src/lib/jazz/textureSync.ts, M:/projects/Like a boss/mage-hand/src/lib/jazz/textureSync.ts, M:/projects/Like a boss/mage-hand/src/lib/jazz/textureSync.ts, M:/projects/Like a boss/mage-hand/src/lib/jazz/textureSync.ts but also statically imported by M:/projects/Like a boss/mage-hand/src/components/SyncProfilerPanel.tsx, M:/projects/Like a boss/mage-hand/src/components/TelemetrySettingsPanel.tsx, dynamic import will not move module into another chunk.

[plugin vite:reporter] 
(!) M:/projects/Like a boss/mage-hand/src/stores/useCanvasEditStatusStore.ts is dynamically imported by M:/projects/Like a boss/mage-hand/src/lib/jazz/bridge.ts, M:/projects/Like a boss/mage-hand/src/lib/jazz/bridge.ts, M:/projects/Like a boss/mage-hand/src/lib/net/ephemeral/mapHandlers.ts, M:/projects/Like a boss/mage-hand/src/lib/net/ephemeral/mapHandlers.ts but also statically imported by M:/projects/Like a boss/mage-hand/src/components/CanvasEditStatusBar.tsx, M:/projects/Like a boss/mage-hand/src/components/SyncProfilerPanel.tsx, dynamic import will not move module into another chunk.

[plugin vite:reporter] 
(!) M:/projects/Like a boss/mage-hand/src/lib/lightMapObjectUtils.ts is dynamically imported by M:/projects/Like a boss/mage-hand/src/components/SimpleTabletop.tsx but also statically imported by M:/projects/Like a boss/mage-hand/src/components/cards/MapObjectPanelCard.tsx, dynamic import will not move module into another chunk.

[plugin vite:reporter] 
(!) M:/projects/Like a boss/mage-hand/src/components/cards/MapTreeCard.tsx is dynamically imported by M:/projects/Like a boss/mage-hand/src/components/CardManager.tsx but also statically imported by M:/projects/Like a boss/mage-hand/src/components/cards/EnvironmentCard.tsx, dynamic import will not move module into another chunk.

[plugin vite:reporter] 
(!) M:/projects/Like a boss/mage-hand/node_modules/@monaco-editor/react/dist/index.mjs is dynamically imported by M:/projects/Like a boss/mage-hand/src/components/cards/CharacterSheetCard.tsx, M:/projects/Like a boss/mage-hand/src/components/cards/HandoutCatalogCard.tsx, M:/projects/Like a boss/mage-hand/src/components/cards/LibraryEditorCard.tsx, M:/projects/Like a boss/mage-hand/src/components/rules/PipelineTester.tsx, M:/projects/Like a boss/mage-hand/src/components/rules/RuleGraphEditor.tsx but also statically imported by M:/projects/Like a boss/mage-hand/src/components/rules/RuleGraphEditor.tsx, dynamic import will not move module into another chunk.

computing gzip size...
[2mdist/[22m[32mindex.html                                   [39m[1m[2m    0.87 kB[22m[1m[22m[2m Γöé gzip:   0.42 kB[22m
[2mdist/[22m[35massets/index-C-QgjMzb.css                    [39m[1m[2m  111.86 kB[22m[1m[22m[2m Γöé gzip:  18.44 kB[22m
[2mdist/[22m[36massets/getTextureBatchBindGroup-ax6__DpG.js  [39m[1m[2m    0.35 kB[22m[1m[22m[2m Γöé gzip:   0.27 kB[22m
[2mdist/[22m[36massets/effectHandlers-B9GFCGQo.js            [39m[1m[2m    0.69 kB[22m[1m[22m[2m Γöé gzip:   0.38 kB[22m
[2mdist/[22m[36massets/ambientHandlers-CTDNCxOr.js           [39m[1m[2m    0.71 kB[22m[1m[22m[2m Γöé gzip:   0.36 kB[22m
[2mdist/[22m[36massets/tokenEphemeralStore-Cslsx_HJ.js       [39m[1m[2m    0.85 kB[22m[1m[22m[2m Γöé gzip:   0.32 kB[22m
[2mdist/[22m[36massets/presenceHandlers-V5uZA5yT.js          [39m[1m[2m    1.10 kB[22m[1m[22m[2m Γöé gzip:   0.47 kB[22m
[2mdist/[22m[36massets/cursorHandlers-BT48wwqp.js            [39m[1m[2m    1.62 kB[22m[1m[22m[2m Γöé gzip:   0.85 kB[22m
[2mdist/[22m[36massets/tokenHandlers-BMPvXwI2.js             [39m[1m[2m    2.24 kB[22m[1m[22m[2m Γöé gzip:   0.97 kB[22m
[2mdist/[22m[36massets/JazzTransport-DLKQjEL0.js             [39m[1m[2m    3.75 kB[22m[1m[22m[2m Γöé gzip:   1.48 kB[22m
[2mdist/[22m[36massets/Geometry-DLYo76dY.js                  [39m[1m[2m    4.28 kB[22m[1m[22m[2m Γöé gzip:   1.64 kB[22m
[2mdist/[22m[36massets/session-BpZ8SuCW.js                   [39m[1m[2m    5.52 kB[22m[1m[22m[2m Γöé gzip:   2.16 kB[22m
[2mdist/[22m[36massets/vendor-three-Bbra_YlP.js              [39m[1m[2m    6.60 kB[22m[1m[22m[2m Γöé gzip:   3.07 kB[22m
[2mdist/[22m[36massets/textureSync-Zz6-2iDN.js               [39m[1m[2m    9.93 kB[22m[1m[22m[2m Γöé gzip:   3.40 kB[22m
[2mdist/[22m[36massets/mapHandlers-CZ2FjLV9.js               [39m[1m[2m   10.22 kB[22m[1m[22m[2m Γöé gzip:   2.37 kB[22m
[2mdist/[22m[36massets/BufferResource-C4uha3S6.js            [39m[1m[2m   10.74 kB[22m[1m[22m[2m Γöé gzip:   2.86 kB[22m
[2mdist/[22m[36massets/webworkerAll-DCTo64_V.js              [39m[1m[2m   11.99 kB[22m[1m[22m[2m Γöé gzip:   3.98 kB[22m
[2mdist/[22m[36massets/WebRTCTransport-CG_lL6pC.js           [39m[1m[2m   12.63 kB[22m[1m[22m[2m Γöé gzip:   3.21 kB[22m
[2mdist/[22m[36massets/vendor-react-905X8guJ.js              [39m[1m[2m   14.75 kB[22m[1m[22m[2m Γöé gzip:   5.78 kB[22m
[2mdist/[22m[36massets/WebGPURenderer-Da5bvKoU.js            [39m[1m[2m   39.49 kB[22m[1m[22m[2m Γöé gzip:  11.15 kB[22m
[2mdist/[22m[36massets/browserAll-DIfLyi4b.js                [39m[1m[2m   41.41 kB[22m[1m[22m[2m Γöé gzip:  10.87 kB[22m
[2mdist/[22m[36massets/RenderTargetSystem-Cqt7jrgS.js        [39m[1m[2m   65.93 kB[22m[1m[22m[2m Γöé gzip:  18.56 kB[22m
[2mdist/[22m[36massets/WebGLRenderer-UtJyFuuw.js             [39m[1m[2m   68.92 kB[22m[1m[22m[2m Γöé gzip:  18.98 kB[22m
[2mdist/[22m[36massets/CanvasRenderer-DG4RVll-.js            [39m[1m[2m   92.67 kB[22m[1m[22m[2m Γöé gzip:  28.62 kB[22m
[2mdist/[22m[36massets/vendor-ui-K6iYunCL.js                 [39m[1m[2m  244.83 kB[22m[1m[22m[2m Γöé gzip:  77.67 kB[22m
[2mdist/[22m[36massets/vendor-canvas-vz-YuZeC.js             [39m[1m[33m  648.26 kB[39m[22m[2m Γöé gzip: 210.42 kB[22m
[2mdist/[22m[36massets/SimpleTabletop-DEG9mRoC.js            [39m[1m[33m1,512.27 kB[39m[22m[2m Γöé gzip: 419.04 kB[22m
[2mdist/[22m[36massets/index-CRgetI80.js                     [39m[1m[33m2,235.73 kB[39m[22m[2m Γöé gzip: 720.73 kB[22m

(!) Some chunks are larger than 500 kB after minification. Consider:
- Using dynamic import() to code-split the application
- Use build.rollupOptions.output.manualChunks to improve chunking: https://rollupjs.org/configuration-options/#output-manualchunks
- Adjust chunk size limit for this warning via build.chunkSizeWarningLimit.
[32mΓ£ô built in 29.07s[39m
